Script started on Fri 23 Jan 2015 11:17:50 PM PST
~
jcand003@hammer $ ls
[0m[01;34mCS100[0m/  [01;34mcs14[0m/  [01;34mcs61[0m/  [01;34mDesktop[0m/  [01;34mDownloads[0m/  [01;34mwhatever[0m/
[m~
jcand003@hammer $ cd CS100/rshell/r[K[K
~/CS100/rshell
jcand003@hammer $ ls
[0m[01;34mbin[0m/  LICENSE  Makefile  README.md  [01;34msrc[0m/  [01;34mtests[0m/
[m~/CS100/rshell
jcand003@hammer $ make
if [ ! -d bin ]; then mkdir bin; fi
g++ -ansi -pedantic -Wall -Werror src/rshell.cpp -o bin/rshell
~/CS100/rshell
jcand003@hammer $ bin/rshell
jcand003@hammer$ ls
bin  LICENSE  Makefile	README.md  src	tests
jcand003@hammer$ ; ;s    ls && ls -a
bin  LICENSE  Makefile	README.md  src	tests
.  ..  bin  .git  LICENSE  Makefile  README.md	src  tests
jcand003@hammer$ ls &&& ls -a
bin  LICENSE  Makefile	README.md  src	tests
.  ..  bin  .git  LICENSE  Makefile  README.md	src  tests
jcand003@hammer$ //failed test case of &&&& , argument accec pted when error should be thrown
error execvp(): No such file or directory
error execvp(): No such file or directory
jcand003@hammer$ #failed test case of &&&  , arguement accepted when error should be thrown
jcand003@hammer$ ls || ls -a
bin  LICENSE  Makefile	README.md  src	tests
.  ..  bin  .git  LICENSE  Makefile  README.md	src  tests
jcand003@hammer$ #or ta     || failed test case, when first is true second shouldnt exece  cute
jcand003@hammer$ ls ||| ls -a
bin  LICENSE  Makefile	README.md  src	tests
.  ..  bin  .git  LICENSE  Makefile  README.md	src  tests
jcand003@hammer$ echo hello || false
hello
jcand003@hammer$ #passes when first true second false
jcand003@hammer$ #test for basic semicolons
jcand003@hammer$ ls;pwd;echo hello; fa  echo;  world
bin  LICENSE  Makefile	README.md  src	tests
/home/csmajs/jcand003/CS100/rshell
hello
world
jcand003@hammer$ ls;pwd;echo hello ; echo
bin  LICENSE  Makefile	README.md  src	tests
/home/csmajs/jcand003/CS100/rshell
hello

jcand003@hammer$ #fails test cases  . sould      shoul     hould throw eer  rror when seperator keys are entered but doesnt
jcand003@hammer$ ;
jcand003@hammer$ ||
jcand003@hammer$ &&
jcand003@hammer$ ;;;;;;;;;;;;;;;;;;;;;;
jcand003@hammer$ ||||||||||||||||||||||||||
jcand003@hammer$ &&&&&&&&&&&&&&&&&&&&&&&&&&&&&&
jcand003@hammer$ don   fail || not here || keep goin     going || echo whatup      you ma   madeit
error execvp(): No such file or directory
error execvp(): No such file or directory
error execvp(): No such file or directory
youmadeit
jcand003@hammer$ echo hell    "hello                 " wro  orld"
"hello world"
jcand003@hammer$ #failed test for echo
jcand003@hammer$ ls && pwd
bin  LICENSE  Makefile	README.md  src	tests
/home/csmajs/jcand003/CS100/rshell
jcand003@hammer$ ls && pwd && echo hellotehre    here && echo nexttestplz
bin  LICENSE  Makefile	README.md  src	tests
/home/csmajs/jcand003/CS100/rshell
hellothere
nexttestplz
jcand003@hammer$ mkdir s wumbo
jcand003@hammer$ ls
bin  LICENSE  Makefile	README.md  src	tests  wumbo
jcand003@hammer$ rm   mdir     cd wumbo
error execvp(): No such file or directory
jcand003@hammer$ ls
bin  LICENSE  Makefile	README.md  src	tests  wumbo
jcand003@hammer$ rmdir wumbo
jcand003@hammer$ ls
bin  LICENSE  Makefile	README.md  src	tests
jcand003@hammer$ ls -a -l -a -l
total 52
drwx------ 6 jcand003 csmajs  4096 Jan 23 23:24 .
drwx------ 7 jcand003 csmajs  4096 Jan 21 12:16 ..
drwx------ 2 jcand003 csmajs  4096 Jan 23 23:15 bin
drwx------ 8 jcand003 csmajs  4096 Jan 23 23:07 .git
-rw------- 1 jcand003 csmajs 18027 Jan 19 13:53 LICENSE
-rw------- 1 jcand003 csmajs   214 Jan 23 21:10 Makefile
-rw------- 1 jcand003 csmajs   568 Jan 23 21:00 README.md
drwx------ 2 jcand003 csmajs  4096 Jan 23 22:02 src
drwx------ 2 jcand003 csmajs  4096 Jan 23 23:14 tests
jcand003@hammer$ echo he#llooooooodontprint
he
jcand003@hammer$ ls  ech#o helloooooooooooooooooooooooooooooooooooo
error execvp(): No such file or directory
jcand003@hammer$ ;pwd
/home/csmajs/jcand003/CS100/rshell
jcand003@hammer$ ;;pwd
/home/csmajs/jcand003/CS100/rshell
jcand003@hammer$ ;;;;;;;;;;;;;;;;;;pwd
/home/csmajs/jcand003/CS100/rshell
jcand003@hammer$ && pwd
/home/csmajs/jcand003/CS100/rshell
jcand003@hammer$ || pwd
/home/csmajs/jcand003/CS100/rshell
jcand003@hammer$ ||||||||||pwd
/home/csmajs/jcand003/CS100/rshell
jcand003@hammer$ #does not throw error when seperator characters are entered followed by o command
jcand003@hammer$ #inc valid phrases
jcand003@hammer$ asdf
error execvp(): No such file or directory
jcand003@hammer$ dddddddddddddddddddddddddddddddddddddddddddddddddddddddddddddddddddddddddddddddddddddddddddddddddddddddddddddddddddddddddddddddddddddddddddddddddddddddddddddddddddddddddddddddddddddddddddddddddddddddddddddddddddddddddddddddddddddddddddddddddddddddd
jcand003@hammer$ #failes    s test cse    ase when longer than 100 characters
jcand003@hammer$ ddddddddddddddddddddddddddddddddddddddddddddddddddd
error execvp(): No such file or directory
jcand003@hammer$ #passes when shorter
jcand003@hammer$ ls ls ls      ;;s  ls
bin  LICENSE  Makefile	README.md  src	tests
bin  LICENSE  Makefile	README.md  src	tests
jcand003@hammer$ ls -l || pwd'   ; ls -a
total 40
drwx------ 2 jcand003 csmajs  4096 Jan 23 23:15 bin
-rw------- 1 jcand003 csmajs 18027 Jan 19 13:53 LICENSE
-rw------- 1 jcand003 csmajs   214 Jan 23 21:10 Makefile
-rw------- 1 jcand003 csmajs   568 Jan 23 21:00 README.md
drwx------ 2 jcand003 csmajs  4096 Jan 23 22:02 src
drwx------ 2 jcand003 csmajs  4096 Jan 23 23:14 tests
error execvp(): No such file or directory
jcand003@hammer$ ls -a
.  ..  bin  .git  LICENSE  Makefile  README.md	src  tests
jcand003@hammer$ #ls -l || pwd; ls -a throws w error, should not
jcand003@hammer$ #exit does exit program but throws error to execvp()
jcand003@hammer$ EXit
error execvp(): No such file or directory
jcand003@hammer$ EXIT
error execvp(): No such file or directory
jcand003@hammer$ pwd invalidsuffhere
pwd: ignoring non-option arguments
/home/csmajs/jcand003/CS100/rshell
jcand003@hammer$ exit
error execvp(): No such file or directory
~/CS100/rshell
jcand003@hammer $ exit
exit

Script done on Fri 23 Jan 2015 11:35:56 PM PST
